// Jest Snapshot v1, https://goo.gl/fbAQLP

exports[`rulesmodal component make a snapshot of rulesmodal component 1`] = `
<RulesModal>
  <Portal
    containerInfo={
      <div
        id="portal"
      >
        <div
          class="RulesModal"
        >
          <div
            class="ModalContent"
          >
            <section
              class="top"
            >
              <h3>
                Rules
              </h3>
              <span
                class="close"
              >
                <svg
                  fill="currentColor"
                  height="1em"
                  stroke="currentColor"
                  stroke-width="0"
                  viewBox="0 0 512 512"
                  width="1em"
                  xmlns="http://www.w3.org/2000/svg"
                >
                  <path
                    d="M405 136.798L375.202 107 256 226.202 136.798 107 107 136.798 226.202 256 107 375.202 136.798 405 256 285.798 375.202 405 405 375.202 285.798 256z"
                  />
                </svg>
              </span>
            </section>
            <figure>
              <img
                alt="rules"
                src="rules.svg"
              />
            </figure>
          </div>
        </div>
      </div>
    }
  >
    <div
      className="RulesModal"
    >
      <ModalContent>
        <div
          className="ModalContent"
        >
          <section
            className="top"
          >
            <h3>
              Rules
            </h3>
            <span
              className="close"
              onClick={[Function]}
            >
              <IoMdClose>
                <IconBase
                  attr={
                    Object {
                      "viewBox": "0 0 512 512",
                    }
                  }
                >
                  <svg
                    fill="currentColor"
                    height="1em"
                    stroke="currentColor"
                    strokeWidth="0"
                    style={
                      Object {
                        "color": undefined,
                      }
                    }
                    viewBox="0 0 512 512"
                    width="1em"
                    xmlns="http://www.w3.org/2000/svg"
                  >
                    <path
                      d="M405 136.798L375.202 107 256 226.202 136.798 107 107 136.798 226.202 256 107 375.202 136.798 405 256 285.798 375.202 405 405 375.202 285.798 256z"
                      key="0"
                    />
                  </svg>
                </IconBase>
              </IoMdClose>
            </span>
          </section>
          <figure>
            <img
              alt="rules"
              src="rules.svg"
            />
          </figure>
        </div>
      </ModalContent>
    </div>
  </Portal>
</RulesModal>
`;
